<html>
<body>
<pre>
<h1>µVision Build Log</h1>
<h2>Tool Versions:</h2>
IDE-Version: ¦ÌVision V5.36.0.0
Copyright (C) 2021 ARM Ltd and ARM Germany GmbH. All rights reserved.
License Information: 1 1, 1, LIC=QF82M-X50XT-MMN9I-T4EK7-F78GW-26R2I
 
Tool Versions:
Toolchain:       MDK-ARM Plus  Version: 5.36.0.0
Toolchain Path:  D:\Keil_v5\ARM\ARMCC\Bin
C Compiler:      Armcc.exe V5.06 update 5 (build 528)
Assembler:       Armasm.exe V5.06 update 5 (build 528)
Linker/Locator:  ArmLink.exe V5.06 update 5 (build 528)
Library Manager: ArmAr.exe V5.06 update 5 (build 528)
Hex Converter:   FromElf.exe V5.06 update 5 (build 528)
CPU DLL:         SARMCM3.DLL V5.36.0.0
Dialog DLL:      DCM.DLL V1.17.3.0
Target DLL:      STLink\ST-LINKIII-KEIL_SWO.dll V3.0.9.0
Dialog DLL:      TCM.DLL V1.53.0.0
 
<h2>Project:</h2>
C:\Users\xlzy\Desktop\ÖÇ»ÛË®Îñ\mini_1\Project.uvprojx
Project File Date:  07/02/2024

<h2>Output:</h2>
*** Using Compiler 'V5.06 update 5 (build 528)', folder: 'D:\Keil_v5\ARM\ARMCC\Bin'
Rebuild target 'Target 1'
assembling startup_stm32f10x_md.s...
compiling core_cm3.c...
compiling misc.c...
compiling stm32f10x_bkp.c...
compiling system_stm32f10x.c...
compiling stm32f10x_adc.c...
compiling stm32f10x_can.c...
compiling stm32f10x_cec.c...
compiling stm32f10x_crc.c...
compiling stm32f10x_dbgmcu.c...
compiling stm32f10x_exti.c...
compiling stm32f10x_dma.c...
compiling stm32f10x_dac.c...
compiling stm32f10x_flash.c...
compiling stm32f10x_fsmc.c...
compiling stm32f10x_gpio.c...
compiling stm32f10x_iwdg.c...
compiling stm32f10x_pwr.c...
compiling stm32f10x_i2c.c...
compiling stm32f10x_rtc.c...
compiling stm32f10x_rcc.c...
compiling stm32f10x_sdio.c...
compiling stm32f10x_spi.c...
compiling stm32f10x_wwdg.c...
compiling stm32f10x_usart.c...
compiling sys.c...
compiling delay.c...
compiling AD.c...
Hardware\AD.c(51): warning:  #1-D: last line of file ends without a newline
  }
Hardware\AD.c: 1 warning, 0 errors
compiling stm32f10x_tim.c...
compiling oled.c...
compiling pwm.c...
Hardware\pwm.c(105): warning:  #1-D: last line of file ends without a newline
  }
Hardware\pwm.c: 1 warning, 0 errors
compiling Serial.c...
compiling Motor.c...
Hardware\Motor.c(122): warning:  #1-D: last line of file ends without a newline
  }
Hardware\Motor.c: 1 warning, 0 errors
compiling FLOW.c...
compiling EXIT.c...
compiling LED.c...
compiling main.c...
.\Hardware\Motor.h(9): warning:  #1295-D: Deprecated declaration Motor1_ON - give arg types
  void Motor1_ON();
.\Hardware\Motor.h(10): warning:  #1295-D: Deprecated declaration Motor1_OFF - give arg types
  void Motor1_OFF();
.\Hardware\Motor.h(11): warning:  #1295-D: Deprecated declaration Motor11_ON - give arg types
  void Motor11_ON();
.\Hardware\Motor.h(12): warning:  #1295-D: Deprecated declaration Motor11_OFF - give arg types
  void Motor11_OFF();
.\Hardware\Motor.h(13): warning:  #1295-D: Deprecated declaration Motor12_ON - give arg types
  void Motor12_ON();
.\Hardware\Motor.h(14): warning:  #1295-D: Deprecated declaration Motor12_OFF - give arg types
  void Motor12_OFF();
.\Hardware\Motor.h(15): warning:  #1295-D: Deprecated declaration Motor2_ON - give arg types
  void Motor2_ON();
.\Hardware\Motor.h(16): warning:  #1295-D: Deprecated declaration Motor2_OFF - give arg types
  void Motor2_OFF();
User\main.c: 8 warnings, 0 errors
compiling stm32f10x_it.c...
linking...
Program Size: Code=11562 RO-data=7770 RW-data=92 ZI-data=2620  
FromELF: creating hex file...
".\Objects\Project.axf" - 0 Error(s), 11 Warning(s).

<h2>Software Packages used:</h2>

Package Vendor: Keil
                http://www.keil.com/pack/Keil.STM32F1xx_DFP.2.2.0.pack
                Keil.STM32F1xx_DFP.2.2.0
                STMicroelectronics STM32F1 Series Device Support, Drivers and Examples

<h2>Collection of Component include folders:</h2>
  D:\Keil_v5\Arm\Packs\Keil\STM32F1xx_DFP\2.2.0\Device\Include

<h2>Collection of Component Files used:</h2>
Build Time Elapsed:  00:00:02
</pre>
</body>
</html>
